{"files":{"/home/jenkins/slave-root/workspace/tommy-backup/lib/handlers/base_handler.rb":{"lines":{"covered":143,"total":160,"notCovered":17,"percent":0.89375}},"/home/jenkins/slave-root/workspace/tommy-backup/lib/handlers/contacts/delete_contacts_handler.rb":{"lines":{"covered":48,"total":50,"notCovered":2,"percent":0.96}},"/home/jenkins/slave-root/workspace/tommy-backup/spec/unit/handlers/devices/get_device_handler_spec.rb":{"lines":{"covered":102,"total":102,"notCovered":0,"percent":1}},"/home/jenkins/slave-root/workspace/tommy-backup/lib/handlers/photos/get_photos_handler.rb":{"lines":{"covered":180,"total":207,"notCovered":27,"percent":0.8695652173913043}},"/home/jenkins/slave-root/workspace/tommy-backup/lib/workers/nfs_thumbnail_worker.rb":{"lines":{"covered":3,"total":3,"notCovered":0,"percent":1}},"/home/jenkins/slave-root/workspace/tommy-backup/spec/unit/storage/s3_read_channel_spec.rb":{"lines":{"covered":115,"total":115,"notCovered":0,"percent":1}},"/home/jenkins/slave-root/workspace/tommy-backup/lib/models/subscription.rb":{"lines":{"covered":43,"total":43,"notCovered":0,"percent":1}},"/home/jenkins/slave-root/workspace/tommy-backup/.jbundler/classpath.rb":{"lines":{"covered":76,"total":76,"notCovered":0,"percent":1}},"/home/jenkins/slave-root/workspace/tommy-backup/lib/handlers/health/get_health_handler.rb":{"lines":{"covered":66,"total":67,"notCovered":1,"percent":0.9850746268656716}},"/home/jenkins/slave-root/workspace/tommy-backup/lib/storage/nfs_read_channel.rb":{"lines":{"covered":23,"total":42,"notCovered":19,"percent":0.5476190476190477}},"/home/jenkins/slave-root/workspace/tommy-backup/lib/handlers/calls/put_calls_handler.rb":{"lines":{"covered":73,"total":83,"notCovered":10,"percent":0.8795180722891566}},"/home/jenkins/slave-root/workspace/tommy-backup/spec/unit/storage/storage_manager_spec.rb":{"lines":{"covered":62,"total":62,"notCovered":0,"percent":1}},"/home/jenkins/slave-root/workspace/tommy-backup/lib/initializers/redis.rb":{"lines":{"covered":7,"total":7,"notCovered":0,"percent":1}},"/home/jenkins/slave-root/workspace/tommy-backup/spec/unit/handlers/devices/patch_device_handler_spec.rb":{"lines":{"covered":102,"total":102,"notCovered":0,"percent":1}},"/home/jenkins/slave-root/workspace/tommy-backup/spec/unit/handlers/calls/get_calls_handler_spec.rb":{"lines":{"covered":174,"total":174,"notCovered":0,"percent":1}},"/home/jenkins/slave-root/workspace/tommy-backup/lib/handlers/contacts/post_contacts_handler.rb":{"lines":{"covered":92,"total":94,"notCovered":2,"percent":0.9787234042553191}},"/home/jenkins/slave-root/workspace/tommy-backup/lib/handler.rb":{"lines":{"covered":21,"total":51,"notCovered":30,"percent":0.4117647058823529}},"/home/jenkins/slave-root/workspace/tommy-backup/lib/helpers/device_manager.rb":{"lines":{"covered":35,"total":46,"notCovered":11,"percent":0.7608695652173914}},"/home/jenkins/slave-root/workspace/tommy-backup/lib/handlers/devices/patch_device_handler.rb":{"lines":{"covered":73,"total":81,"notCovered":8,"percent":0.9012345679012346}},"/home/jenkins/slave-root/workspace/tommy-backup/spec/unit/handlers/migration/put_migration_handler_spec.rb":{"lines":{"covered":168,"total":168,"notCovered":0,"percent":1}},"/home/jenkins/slave-root/workspace/tommy-backup/config/configatron/test.rb":{"lines":{"covered":12,"total":12,"notCovered":0,"percent":1}},"/home/jenkins/slave-root/workspace/tommy-backup/lib/server.rb":{"lines":{"covered":13,"total":28,"notCovered":15,"percent":0.4642857142857143}},"/home/jenkins/slave-root/workspace/tommy-backup/spec/unit/helpers/device_manager_spec.rb":{"lines":{"covered":13,"total":13,"notCovered":0,"percent":1}},"/home/jenkins/slave-root/workspace/tommy-backup/config/routes.rb":{"lines":{"covered":17,"total":17,"notCovered":0,"percent":1}},"/home/jenkins/slave-root/workspace/tommy-backup/lib/helpers/compress_data_stream.rb":{"lines":{"covered":11,"total":11,"notCovered":0,"percent":1}},"/home/jenkins/slave-root/workspace/tommy-backup/lib/helpers/executor_service.rb":{"lines":{"covered":20,"total":26,"notCovered":6,"percent":0.7692307692307693}},"/home/jenkins/slave-root/workspace/tommy-backup/lib/handlers/contacts/contacts_handler_helper.rb":{"lines":{"covered":3,"total":4,"notCovered":1,"percent":0.75}},"/home/jenkins/slave-root/workspace/tommy-backup/spec/unit/helpers/subscription_helper_spec.rb":{"lines":{"covered":65,"total":65,"notCovered":0,"percent":1}},"/home/jenkins/slave-root/workspace/tommy-backup/lib/handlers/calls/calls_handler_helper.rb":{"lines":{"covered":4,"total":4,"notCovered":0,"percent":1}},"/home/jenkins/slave-root/workspace/tommy-backup/lib/helpers/subscription_helper.rb":{"lines":{"covered":29,"total":31,"notCovered":2,"percent":0.9354838709677419}},"/home/jenkins/slave-root/workspace/tommy-backup/lib/models/vcard.rb":{"lines":{"covered":85,"total":162,"notCovered":77,"percent":0.5246913580246914}},"/home/jenkins/slave-root/workspace/tommy-backup/lib/storage/s3_write_channel.rb":{"lines":{"covered":47,"total":50,"notCovered":3,"percent":0.94}},"/home/jenkins/slave-root/workspace/tommy-backup/lib/version.rb":{"lines":{"covered":2,"total":2,"notCovered":0,"percent":1}},"/home/jenkins/slave-root/workspace/tommy-backup/config/configatron/defaults.rb":{"lines":{"covered":81,"total":81,"notCovered":0,"percent":1}},"/home/jenkins/slave-root/workspace/tommy-backup/lib/helpers/faraday_helper.rb":{"lines":{"covered":12,"total":14,"notCovered":2,"percent":0.8571428571428571}},"/home/jenkins/slave-root/workspace/tommy-backup/spec/unit/helpers/migration_helper_spec.rb":{"lines":{"covered":120,"total":120,"notCovered":0,"percent":1}},"/home/jenkins/slave-root/workspace/tommy-backup/lib/handlers/migration/put_migration_handler.rb":{"lines":{"covered":84,"total":85,"notCovered":1,"percent":0.9882352941176471}},"/home/jenkins/slave-root/workspace/tommy-backup/lib/storage/nfs_write_channel.rb":{"lines":{"covered":23,"total":34,"notCovered":11,"percent":0.6764705882352942}},"/home/jenkins/slave-root/workspace/tommy-backup/spec/unit/helpers/authorizer_spec.rb":{"lines":{"covered":63,"total":63,"notCovered":0,"percent":1}},"/home/jenkins/slave-root/workspace/tommy-backup/lib/db/db_adapter.rb":{"lines":{"covered":85,"total":209,"notCovered":124,"percent":0.40669856459330145}},"/home/jenkins/slave-root/workspace/tommy-backup/lib/routing.rb":{"lines":{"covered":12,"total":21,"notCovered":9,"percent":0.5714285714285714}},"/home/jenkins/slave-root/workspace/tommy-backup/lib/handlers/devices/get_device_handler.rb":{"lines":{"covered":51,"total":58,"notCovered":7,"percent":0.8793103448275862}},"/home/jenkins/slave-root/workspace/tommy-backup/lib/helpers/file_utils.rb":{"lines":{"covered":15,"total":27,"notCovered":12,"percent":0.5555555555555556}},"/home/jenkins/slave-root/workspace/tommy-backup/lib/handlers/photos/put_photos_handler.rb":{"lines":{"covered":126,"total":128,"notCovered":2,"percent":0.984375}},"/home/jenkins/slave-root/workspace/tommy-backup/spec/unit/workers/thumbnail_worker_spec.rb":{"lines":{"covered":70,"total":70,"notCovered":0,"percent":1}},"/home/jenkins/slave-root/workspace/tommy-backup/spec/unit/handlers/photos/photos_migration_helper_spec.rb":{"lines":{"covered":49,"total":49,"notCovered":0,"percent":1}},"/home/jenkins/slave-root/workspace/tommy-backup/lib/helpers/migration_helper.rb":{"lines":{"covered":86,"total":102,"notCovered":16,"percent":0.8431372549019608}},"/home/jenkins/slave-root/workspace/tommy-backup/spec/unit/handlers/photos/delete_photos_handler_spec.rb":{"lines":{"covered":91,"total":91,"notCovered":0,"percent":1}},"/home/jenkins/slave-root/workspace/tommy-backup/lib/handlers/calls/delete_calls_handler.rb":{"lines":{"covered":37,"total":39,"notCovered":2,"percent":0.9487179487179487}},"/home/jenkins/slave-root/workspace/tommy-backup/spec/unit/models/vcard_spec.rb":{"lines":{"covered":16,"total":16,"notCovered":0,"percent":1}},"/home/jenkins/slave-root/workspace/tommy-backup/lib/workers/thumbnail_worker.rb":{"lines":{"covered":61,"total":80,"notCovered":19,"percent":0.7625}},"/home/jenkins/slave-root/workspace/tommy-backup/spec/unit/handlers/photos/put_photos_handler_spec.rb":{"lines":{"covered":271,"total":278,"notCovered":7,"percent":0.9748201438848921}},"/home/jenkins/slave-root/workspace/tommy-backup/lib/helpers/service_utils.rb":{"lines":{"covered":3,"total":4,"notCovered":1,"percent":0.75}},"/home/jenkins/slave-root/workspace/tommy-backup/lib/handlers/contacts/get_contacts_handler.rb":{"lines":{"covered":81,"total":99,"notCovered":18,"percent":0.8181818181818182}},"/home/jenkins/slave-root/workspace/tommy-backup/lib/helpers/redis_helper.rb":{"lines":{"covered":5,"total":6,"notCovered":1,"percent":0.8333333333333334}},"/home/jenkins/slave-root/workspace/tommy-backup/lib/storage/file_write_channel.rb":{"lines":{"covered":20,"total":31,"notCovered":11,"percent":0.6451612903225806}},"/home/jenkins/slave-root/workspace/tommy-backup/lib/models/call_log.rb":{"lines":{"covered":107,"total":127,"notCovered":20,"percent":0.84251968503937}},"/home/jenkins/slave-root/workspace/tommy-backup/lib/initializers/java.rb":{"lines":{"covered":2,"total":2,"notCovered":0,"percent":1}},"/home/jenkins/slave-root/workspace/tommy-backup/spec/unit/handlers/calls/post_calls_handler_spec.rb":{"lines":{"covered":147,"total":147,"notCovered":0,"percent":1}},"/home/jenkins/slave-root/workspace/tommy-backup/lib/handlers/photos/photos_migration_helper.rb":{"lines":{"covered":49,"total":49,"notCovered":0,"percent":1}},"/home/jenkins/slave-root/workspace/tommy-backup/spec/unit/handlers/contacts/get_contacts_handler_spec.rb":{"lines":{"covered":134,"total":134,"notCovered":0,"percent":1}},"/home/jenkins/slave-root/workspace/tommy-backup/lib/helpers/errors.rb":{"lines":{"covered":22,"total":24,"notCovered":2,"percent":0.9166666666666666}},"/home/jenkins/slave-root/workspace/tommy-backup/spec/unit/handlers/contacts/delete_contacts_handler_spec.rb":{"lines":{"covered":100,"total":100,"notCovered":0,"percent":1}},"/home/jenkins/slave-root/workspace/tommy-backup/lib/helpers/nfs_utils.rb":{"lines":{"covered":9,"total":9,"notCovered":0,"percent":1}},"/home/jenkins/slave-root/workspace/tommy-backup/spec/unit/storage/s3_write_channel_spec.rb":{"lines":{"covered":52,"total":53,"notCovered":1,"percent":0.9811320754716981}},"/home/jenkins/slave-root/workspace/tommy-backup/spec/unit/helpers/decompress_data_stream_spec.rb":{"lines":{"covered":11,"total":11,"notCovered":0,"percent":1}},"/home/jenkins/slave-root/workspace/tommy-backup/spec/unit/helpers/file_upload_spec.rb":{"lines":{"covered":66,"total":66,"notCovered":0,"percent":1}},"/home/jenkins/slave-root/workspace/tommy-backup/lib/initializers/sidekiq.rb":{"lines":{"covered":10,"total":14,"notCovered":4,"percent":0.7142857142857143}},"/home/jenkins/slave-root/workspace/tommy-backup/lib/handlers/photos/photos_handler_helper.rb":{"lines":{"covered":3,"total":4,"notCovered":1,"percent":0.75}},"/home/jenkins/slave-root/workspace/tommy-backup/lib/helpers/decompress_data_stream.rb":{"lines":{"covered":9,"total":9,"notCovered":0,"percent":1}},"/home/jenkins/slave-root/workspace/tommy-backup/lib/helpers/data_migration_helper.rb":{"lines":{"covered":40,"total":43,"notCovered":3,"percent":0.9302325581395349}},"/home/jenkins/slave-root/workspace/tommy-backup/lib/handlers/calls/calls_migration_helper.rb":{"lines":{"covered":15,"total":17,"notCovered":2,"percent":0.8823529411764706}},"/home/jenkins/slave-root/workspace/tommy-backup/lib/handlers/calls/get_calls_handler.rb":{"lines":{"covered":92,"total":103,"notCovered":11,"percent":0.8932038834951457}},"/home/jenkins/slave-root/workspace/tommy-backup/spec/unit/handlers/photos/get_photos_handler_spec.rb":{"lines":{"covered":264,"total":267,"notCovered":3,"percent":0.9887640449438202}},"/home/jenkins/slave-root/workspace/tommy-backup/lib/initializers/worker.rb":{"lines":{"covered":4,"total":4,"notCovered":0,"percent":1}},"/home/jenkins/slave-root/workspace/tommy-backup/lib/initializers/octocrypt.rb":{"lines":{"covered":4,"total":4,"notCovered":0,"percent":1}},"/home/jenkins/slave-root/workspace/tommy-backup/spec/unit/handlers/default_handler_spec.rb":{"lines":{"covered":27,"total":27,"notCovered":0,"percent":1}},"/home/jenkins/slave-root/workspace/tommy-backup/spec/unit/handlers/health/get_health_handler_spec.rb":{"lines":{"covered":76,"total":76,"notCovered":0,"percent":1}},"/home/jenkins/slave-root/workspace/tommy-backup/spec/unit/handlers/base_handler_spec.rb":{"lines":{"covered":127,"total":127,"notCovered":0,"percent":1}},"/home/jenkins/slave-root/workspace/tommy-backup/lib/storage/file_read_channel.rb":{"lines":{"covered":41,"total":48,"notCovered":7,"percent":0.8541666666666666}},"/home/jenkins/slave-root/workspace/tommy-backup/spec/unit/handlers/contacts/post_contacts_handler_spec.rb":{"lines":{"covered":176,"total":176,"notCovered":0,"percent":1}},"/home/jenkins/slave-root/workspace/tommy-backup/lib/storage/storage_manager.rb":{"lines":{"covered":61,"total":62,"notCovered":1,"percent":0.9838709677419355}},"/home/jenkins/slave-root/workspace/tommy-backup/lib/storage/s3_read_channel.rb":{"lines":{"covered":54,"total":60,"notCovered":6,"percent":0.9}},"/home/jenkins/slave-root/workspace/tommy-backup/lib/workers/s3_thumbnail_worker.rb":{"lines":{"covered":3,"total":3,"notCovered":0,"percent":1}},"/home/jenkins/slave-root/workspace/tommy-backup/spec/unit/helpers/data_migration_helper_spec.rb":{"lines":{"covered":50,"total":51,"notCovered":1,"percent":0.9803921568627451}},"/home/jenkins/slave-root/workspace/tommy-backup/lib/helpers/constants.rb":{"lines":{"covered":20,"total":20,"notCovered":0,"percent":1}},"/home/jenkins/slave-root/workspace/tommy-backup/lib/handlers/contacts/contacts_migration_helper.rb":{"lines":{"covered":13,"total":13,"notCovered":0,"percent":1}},"/home/jenkins/slave-root/workspace/tommy-backup/lib/handlers/photos/delete_photos_handler.rb":{"lines":{"covered":54,"total":57,"notCovered":3,"percent":0.9473684210526315}},"/home/jenkins/slave-root/workspace/tommy-backup/spec/unit/workers/data_migration_worker_spec.rb":{"lines":{"covered":99,"total":99,"notCovered":0,"percent":1}},"/home/jenkins/slave-root/workspace/tommy-backup/spec/unit/handlers/calls/delete_calls_handler_spec.rb":{"lines":{"covered":81,"total":81,"notCovered":0,"percent":1}},"/home/jenkins/slave-root/workspace/tommy-backup/lib/workers/data_migration_worker.rb":{"lines":{"covered":93,"total":103,"notCovered":10,"percent":0.9029126213592233}},"/home/jenkins/slave-root/workspace/tommy-backup/lib/helpers/authorizer.rb":{"lines":{"covered":40,"total":54,"notCovered":14,"percent":0.7407407407407407}},"/home/jenkins/slave-root/workspace/tommy-backup/spec/unit/helpers/compress_data_stream_spec.rb":{"lines":{"covered":17,"total":17,"notCovered":0,"percent":1}},"/home/jenkins/slave-root/workspace/tommy-backup/lib/helpers/logging.rb":{"lines":{"covered":34,"total":62,"notCovered":28,"percent":0.5483870967741935}},"/home/jenkins/slave-root/workspace/tommy-backup/lib/storage/base_read_channel.rb":{"lines":{"covered":12,"total":17,"notCovered":5,"percent":0.7058823529411765}},"/home/jenkins/slave-root/workspace/tommy-backup/spec/unit/db/db_adapter_spec.rb":{"lines":{"covered":5,"total":5,"notCovered":0,"percent":1}},"/home/jenkins/slave-root/workspace/tommy-backup/lib/helpers/s3_helper.rb":{"lines":{"covered":18,"total":36,"notCovered":18,"percent":0.5}},"/home/jenkins/slave-root/workspace/tommy-backup/config/config.rb":{"lines":{"covered":19,"total":28,"notCovered":9,"percent":0.6785714285714286}},"/home/jenkins/slave-root/workspace/tommy-backup/lib/initializers/statsd.rb":{"lines":{"covered":2,"total":2,"notCovered":0,"percent":1}},"/home/jenkins/slave-root/workspace/tommy-backup/lib/handlers/default_handler.rb":{"lines":{"covered":12,"total":13,"notCovered":1,"percent":0.9230769230769231}},"/home/jenkins/slave-root/workspace/tommy-backup/lib/helpers/file_upload.rb":{"lines":{"covered":42,"total":42,"notCovered":0,"percent":1}},"/home/jenkins/slave-root/workspace/tommy-backup/lib/helpers/sidekiq_middleware.rb":{"lines":{"covered":6,"total":11,"notCovered":5,"percent":0.5454545454545454}},"/home/jenkins/slave-root/workspace/tommy-backup/lib/helpers/auth_helper.rb":{"lines":{"covered":4,"total":14,"notCovered":10,"percent":0.2857142857142857}},"/home/jenkins/slave-root/workspace/tommy-backup/lib/initializer.rb":{"lines":{"covered":12,"total":19,"notCovered":7,"percent":0.631578947368421}},"/home/jenkins/slave-root/workspace/tommy-backup/lib/initializers/raven.rb":{"lines":{"covered":11,"total":11,"notCovered":0,"percent":1}}}}